---
source: masonry/src/widget/progress_bar.rs
expression: harness.root_widget()
---
SizedBox(
    ProgressBar<progress unspecified>,
)
