---
source: crates/masonry/src/widget/checkbox.rs
assertion_line: 252
expression: harness.root_widget()
---
SizedBox(
    Checkbox<[X] Hello>(
        Label<Hello>,
    ),
)
