---
source: masonry/examples/tests.rs
assertion_line: 57
expression: harness.root_widget()
---
Image
