---
source: masonry/src/widgets/checkbox.rs
assertion_line: 272
expression: harness.root_widget()
---
WrapperWidget(
    Checkbox<[ ]>(
        Label<Hello>,
    ),
)
