---
source: masonry/src/widget/sized_box.rs
assertion_line: 297
expression: harness.root_widget()

---
SizedBox
