---
source: masonry/src/widgets/canvas.rs
expression: harness.root_widget()
---
Canvas
