---
source: masonry/src/widgets/progress_bar.rs
assertion_line: 269
expression: harness.root_widget()
---
WrapperWidget(
    ProgressBar<50%>(
        Label<50%>,
    ),
)
