---
source: masonry/src/widget/scroll_bar.rs
assertion_line: 256
expression: harness.root_widget()

---
SizedBox(
    ScrollBar,
)
