---
source: masonry/src/widgets/button.rs
assertion_line: 287
expression: harness.root_widget()
---
WrapperWidget(
    Button(
        Label<Hello>,
    ),
)
