---
source: src/widget/align.rs
expression: harness.root_widget()
---
Align(
    Label<hello>,
)
