---
source: masonry_core/src/widget/sized_box.rs
assertion_line: 298
expression: harness.root_widget()

---
SizedBox
