---
source: masonry_core/src/widget/label.rs
expression: harness.root_widget()

---
Label<Hello>
