---
source: masonry/src/widget/textbox.rs
assertion_line: 728
expression: harness.root_widget()

---
SizedBox(
    TextBox(
        Portal(
            TextComponent,
        ),
    ),
)
