---
source: src/widget/split.rs
expression: harness.root_widget()
---
Split(
    Label<Hello>,
    Label<World>,
)
