---
source: masonry/src/widgets/checkbox.rs
assertion_line: 283
expression: harness.root_widget()
---
WrapperWidget(
    Checkbox<[X]>(
        Label<Hello>,
    ),
)
