---
source: masonry/src/widgets/progress_bar.rs
assertion_line: 247
expression: harness.root_widget()
---
WrapperWidget(
    ProgressBar<0%>(
        Label<0%>,
    ),
)
