---
source: masonry/src/widget/sized_box.rs
expression: harness.root_widget()
---
SizedBox(
    SizedBox(
        Label<hello>,
    ),
)
