---
source: masonry/src/widgets/progress_bar.rs
assertion_line: 291
expression: harness.root_widget()
---
WrapperWidget(
    ProgressBar<100%>(
        Label<100%>,
    ),
)
