---
source: masonry/src/widgets/progress_bar.rs
assertion_line: 258
expression: harness.root_widget()
---
WrapperWidget(
    ProgressBar<25%>(
        Label<25%>,
    ),
)
