---
source: masonry/src/widgets/progress_bar.rs
assertion_line: 280
expression: harness.root_widget()
---
WrapperWidget(
    ProgressBar<75%>(
        Label<75%>,
    ),
)
