---
source: masonry/src/widget/tests/lifecycle_basic.rs
assertion_line: 49
expression: record_new_child

---
[
    L(
        WidgetAdded,
    ),
    L(
        BuildFocusChain,
    ),
    Layout(
        4.0WÃ—18.0H,
    ),
    L(
        Internal(
            ParentWindowOrigin,
        ),
    ),
]
